  Determining projects to restore...
C:\Users\roger\SummaCore\SummaCore.Processor\SummaCore.Processor.csproj : warning NU1510: PackageReference System.Net.Http.Json will not be pruned. Consider removing this package from your dependencies, as it is likely unnecessary.
  All projects are up-to-date for restore.
C:\Users\roger\SummaCore\SummaCore.Processor\SummaCore.Processor.csproj : warning NU1510: PackageReference System.Net.Http.Json will not be pruned. Consider removing this package from your dependencies, as it is likely unnecessary.
C:\Users\roger\SummaCore\SummaCore.Processor\Models\ECF_Modelos.cs(37,65): warning CS8618: Non-nullable property 'InformacionesAdicionales' must contain a non-null value when exiting constructor. Consider adding the 'required' modifier or declaring the property as nullable. [C:\Users\roger\SummaCore\SummaCore.Processor\SummaCore.Processor.csproj]
C:\Users\roger\SummaCore\SummaCore.Processor\Models\ECF_Modelos.cs(38,51): warning CS8618: Non-nullable property 'Transporte' must contain a non-null value when exiting constructor. Consider adding the 'required' modifier or declaring the property as nullable. [C:\Users\roger\SummaCore\SummaCore.Processor\SummaCore.Processor.csproj]
C:\Users\roger\SummaCore\SummaCore.Processor\Models\ECF_Modelos.cs(40,51): warning CS8618: Non-nullable property 'OtraMoneda' must contain a non-null value when exiting constructor. Consider adding the 'required' modifier or declaring the property as nullable. [C:\Users\roger\SummaCore\SummaCore.Processor\SummaCore.Processor.csproj]
C:\Users\roger\SummaCore\SummaCore.Processor\Program.cs(41,31): warning SYSLIB0057: 'X509Certificate2.X509Certificate2(string, string?)' is obsolete: 'Loading certificate data through the constructor or Import is obsolete. Use X509CertificateLoader instead to load certificates.' (https://aka.ms/dotnet-warnings/SYSLIB0057) [C:\Users\roger\SummaCore\SummaCore.Processor\SummaCore.Processor.csproj]
C:\Users\roger\SummaCore\SummaCore.Processor\Models\ECF_Modelos.cs(15,60): warning CS8618: Non-nullable property 'DescuentosORecargos' must contain a non-null value when exiting constructor. Consider adding the 'required' modifier or declaring the property as nullable. [C:\Users\roger\SummaCore\SummaCore.Processor\SummaCore.Processor.csproj]
C:\Users\roger\SummaCore\SummaCore.Processor\Models\ECF_Modelos.cs(16,51): warning CS8618: Non-nullable property 'Paginacion' must contain a non-null value when exiting constructor. Consider adding the 'required' modifier or declaring the property as nullable. [C:\Users\roger\SummaCore\SummaCore.Processor\SummaCore.Processor.csproj]
C:\Users\roger\SummaCore\SummaCore.Processor\Models\ECF_Modelos.cs(17,62): warning CS8618: Non-nullable property 'InformacionReferencia' must contain a non-null value when exiting constructor. Consider adding the 'required' modifier or declaring the property as nullable. [C:\Users\roger\SummaCore\SummaCore.Processor\SummaCore.Processor.csproj]
C:\Users\roger\SummaCore\SummaCore.Processor\Models\ECF_Modelos.cs(18,61): warning CS8618: Non-nullable property 'TablaAdicional' must contain a non-null value when exiting constructor. Consider adding the 'required' modifier or declaring the property as nullable. [C:\Users\roger\SummaCore\SummaCore.Processor\SummaCore.Processor.csproj]
C:\Users\roger\SummaCore\SummaCore.Processor\Models\ECF_Modelos.cs(19,47): warning CS8618: Non-nullable property 'FechaHoraFirma' must contain a non-null value when exiting constructor. Consider adding the 'required' modifier or declaring the property as nullable. [C:\Users\roger\SummaCore\SummaCore.Processor\SummaCore.Processor.csproj]
C:\Users\roger\SummaCore\SummaCore.Processor\Services\SignerService.cs(29,5): warning CS8602: Dereference of a possibly null reference. [C:\Users\roger\SummaCore\SummaCore.Processor\SummaCore.Processor.csproj]
C:\Users\roger\SummaCore\SummaCore.Processor\Models\ECF_Modelos.cs(83,36): warning CS8618: Non-nullable property 'TablaFormasPago' must contain a non-null value when exiting constructor. Consider adding the 'required' modifier or declaring the property as nullable. [C:\Users\roger\SummaCore\SummaCore.Processor\SummaCore.Processor.csproj]
C:\Users\roger\SummaCore\SummaCore.Processor\Validation\ECF_Validador.cs(83,111): error CS1061: 'Totales' does not contain a definition for 'MontoImpuestoAdicional' and no accessible extension method 'MontoImpuestoAdicional' accepting a first argument of type 'Totales' could be found (are you missing a using directive or an assembly reference?) [C:\Users\roger\SummaCore\SummaCore.Processor\SummaCore.Processor.csproj]
C:\Users\roger\SummaCore\SummaCore.Processor\Validation\ECF_Validador.cs(86,28): error CS1061: 'Totales' does not contain a definition for 'MontoTotal' and no accessible extension method 'MontoTotal' accepting a first argument of type 'Totales' could be found (are you missing a using directive or an assembly reference?) [C:\Users\roger\SummaCore\SummaCore.Processor\SummaCore.Processor.csproj]
C:\Users\roger\SummaCore\SummaCore.Processor\Validation\ECF_Validador.cs(87,57): error CS1061: 'Totales' does not contain a definition for 'MontoTotal' and no accessible extension method 'MontoTotal' accepting a first argument of type 'Totales' could be found (are you missing a using directive or an assembly reference?) [C:\Users\roger\SummaCore\SummaCore.Processor\SummaCore.Processor.csproj]
C:\Users\roger\SummaCore\SummaCore.Processor\Models\ECF_Modelos.cs(411,105): warning CS8618: Non-nullable property 'DescuentoORecargo' must contain a non-null value when exiting constructor. Consider adding the 'required' modifier or declaring the property as nullable. [C:\Users\roger\SummaCore\SummaCore.Processor\SummaCore.Processor.csproj]
C:\Users\roger\SummaCore\SummaCore.Processor\Models\ECF_Modelos.cs(413,74): warning CS8618: Non-nullable property 'Pagina' must contain a non-null value when exiting constructor. Consider adding the 'required' modifier or declaring the property as nullable. [C:\Users\roger\SummaCore\SummaCore.Processor\SummaCore.Processor.csproj]
C:\Users\roger\SummaCore\SummaCore.Processor\Models\ECF_Modelos.cs(233,53): error CS0103: The name 'TotalITBIS2' does not exist in the current context [C:\Users\roger\SummaCore\SummaCore.Processor\SummaCore.Processor.csproj]
C:\Users\roger\SummaCore\SummaCore.Processor\Models\ECF_Modelos.cs(233,77): error CS0103: The name 'TotalITBIS2' does not exist in the current context [C:\Users\roger\SummaCore\SummaCore.Processor\SummaCore.Processor.csproj]
C:\Users\roger\SummaCore\SummaCore.Processor\Models\ECF_Modelos.cs(234,53): error CS0103: The name 'TotalITBIS3' does not exist in the current context [C:\Users\roger\SummaCore\SummaCore.Processor\SummaCore.Processor.csproj]
C:\Users\roger\SummaCore\SummaCore.Processor\Models\ECF_Modelos.cs(234,77): error CS0103: The name 'TotalITBIS3' does not exist in the current context [C:\Users\roger\SummaCore\SummaCore.Processor\SummaCore.Processor.csproj]
C:\Users\roger\SummaCore\SummaCore.Processor\Models\ECF_Modelos.cs(235,64): error CS0103: The name 'MontoImpuestoAdicional' does not exist in the current context [C:\Users\roger\SummaCore\SummaCore.Processor\SummaCore.Processor.csproj]
C:\Users\roger\SummaCore\SummaCore.Processor\Models\ECF_Modelos.cs(235,99): error CS0103: The name 'MontoImpuestoAdicional' does not exist in the current context [C:\Users\roger\SummaCore\SummaCore.Processor\SummaCore.Processor.csproj]
C:\Users\roger\SummaCore\SummaCore.Processor\Models\ECF_Modelos.cs(236,62): error CS0103: The name 'ImpuestosAdicionales' does not exist in the current context [C:\Users\roger\SummaCore\SummaCore.Processor\SummaCore.Processor.csproj]
C:\Users\roger\SummaCore\SummaCore.Processor\Models\ECF_Modelos.cs(236,94): error CS0103: The name 'ImpuestosAdicionales' does not exist in the current context [C:\Users\roger\SummaCore\SummaCore.Processor\SummaCore.Processor.csproj]
C:\Users\roger\SummaCore\SummaCore.Processor\Models\ECF_Modelos.cs(237,59): error CS0103: The name 'MontoNoFacturable' does not exist in the current context [C:\Users\roger\SummaCore\SummaCore.Processor\SummaCore.Processor.csproj]
C:\Users\roger\SummaCore\SummaCore.Processor\Models\ECF_Modelos.cs(237,89): error CS0103: The name 'MontoNoFacturable' does not exist in the current context [C:\Users\roger\SummaCore\SummaCore.Processor\SummaCore.Processor.csproj]
C:\Users\roger\SummaCore\SummaCore.Processor\Models\ECF_Modelos.cs(356,45): warning CS8618: Non-nullable property 'NumeroEmbarque' must contain a non-null value when exiting constructor. Consider adding the 'required' modifier or declaring the property as nullable. [C:\Users\roger\SummaCore\SummaCore.Processor\SummaCore.Processor.csproj]
C:\Users\roger\SummaCore\SummaCore.Processor\Models\ECF_Modelos.cs(357,45): warning CS8618: Non-nullable property 'NumeroContenedor' must contain a non-null value when exiting constructor. Consider adding the 'required' modifier or declaring the property as nullable. [C:\Users\roger\SummaCore\SummaCore.Processor\SummaCore.Processor.csproj]
C:\Users\roger\SummaCore\SummaCore.Processor\Models\ECF_Modelos.cs(358,45): warning CS8618: Non-nullable property 'NumeroReferencia' must contain a non-null value when exiting constructor. Consider adding the 'required' modifier or declaring the property as nullable. [C:\Users\roger\SummaCore\SummaCore.Processor\SummaCore.Processor.csproj]
C:\Users\roger\SummaCore\SummaCore.Processor\Models\ECF_Modelos.cs(359,45): warning CS8618: Non-nullable property 'NombrePuertoEmbarque' must contain a non-null value when exiting constructor. Consider adding the 'required' modifier or declaring the property as nullable. [C:\Users\roger\SummaCore\SummaCore.Processor\SummaCore.Processor.csproj]
C:\Users\roger\SummaCore\SummaCore.Processor\Models\ECF_Modelos.cs(360,45): warning CS8618: Non-nullable property 'CondicionesEntrega' must contain a non-null value when exiting constructor. Consider adding the 'required' modifier or declaring the property as nullable. [C:\Users\roger\SummaCore\SummaCore.Processor\SummaCore.Processor.csproj]
C:\Users\roger\SummaCore\SummaCore.Processor\Models\ECF_Modelos.cs(366,46): warning CS8618: Non-nullable property 'RegimenAduanero' must contain a non-null value when exiting constructor. Consider adding the 'required' modifier or declaring the property as nullable. [C:\Users\roger\SummaCore\SummaCore.Processor\SummaCore.Processor.csproj]
C:\Users\roger\SummaCore\SummaCore.Processor\Models\ECF_Modelos.cs(367,46): warning CS8618: Non-nullable property 'NombrePuertoSalida' must contain a non-null value when exiting constructor. Consider adding the 'required' modifier or declaring the property as nullable. [C:\Users\roger\SummaCore\SummaCore.Processor\SummaCore.Processor.csproj]
C:\Users\roger\SummaCore\SummaCore.Processor\Models\ECF_Modelos.cs(368,46): warning CS8618: Non-nullable property 'NombrePuertoDesembarque' must contain a non-null value when exiting constructor. Consider adding the 'required' modifier or declaring the property as nullable. [C:\Users\roger\SummaCore\SummaCore.Processor\SummaCore.Processor.csproj]
C:\Users\roger\SummaCore\SummaCore.Processor\Models\ECF_Modelos.cs(371,46): warning CS8618: Non-nullable property 'UnidadPesoBruto' must contain a non-null value when exiting constructor. Consider adding the 'required' modifier or declaring the property as nullable. [C:\Users\roger\SummaCore\SummaCore.Processor\SummaCore.Processor.csproj]
C:\Users\roger\SummaCore\SummaCore.Processor\Models\ECF_Modelos.cs(372,46): warning CS8618: Non-nullable property 'UnidadPesoNeto' must contain a non-null value when exiting constructor. Consider adding the 'required' modifier or declaring the property as nullable. [C:\Users\roger\SummaCore\SummaCore.Processor\SummaCore.Processor.csproj]
C:\Users\roger\SummaCore\SummaCore.Processor\Models\ECF_Modelos.cs(374,46): warning CS8618: Non-nullable property 'UnidadBulto' must contain a non-null value when exiting constructor. Consider adding the 'required' modifier or declaring the property as nullable. [C:\Users\roger\SummaCore\SummaCore.Processor\SummaCore.Processor.csproj]
C:\Users\roger\SummaCore\SummaCore.Processor\Models\ECF_Modelos.cs(376,46): warning CS8618: Non-nullable property 'UnidadVolumen' must contain a non-null value when exiting constructor. Consider adding the 'required' modifier or declaring the property as nullable. [C:\Users\roger\SummaCore\SummaCore.Processor\SummaCore.Processor.csproj]
C:\Users\roger\SummaCore\SummaCore.Processor\Models\ECF_Modelos.cs(238,54): error CS0103: The name 'MontoPeriodo' does not exist in the current context [C:\Users\roger\SummaCore\SummaCore.Processor\SummaCore.Processor.csproj]
C:\Users\roger\SummaCore\SummaCore.Processor\Models\ECF_Modelos.cs(238,79): error CS0103: The name 'MontoPeriodo' does not exist in the current context [C:\Users\roger\SummaCore\SummaCore.Processor\SummaCore.Processor.csproj]
C:\Users\roger\SummaCore\SummaCore.Processor\Models\ECF_Modelos.cs(239,55): error CS0103: The name 'SaldoAnterior' does not exist in the current context [C:\Users\roger\SummaCore\SummaCore.Processor\SummaCore.Processor.csproj]
C:\Users\roger\SummaCore\SummaCore.Processor\Models\ECF_Modelos.cs(239,81): error CS0103: The name 'SaldoAnterior' does not exist in the current context [C:\Users\roger\SummaCore\SummaCore.Processor\SummaCore.Processor.csproj]
C:\Users\roger\SummaCore\SummaCore.Processor\Models\ECF_Modelos.cs(259,33): warning CS8618: Non-nullable property 'TablaCodigosItem' must contain a non-null value when exiting constructor. Consider adding the 'required' modifier or declaring the property as nullable. [C:\Users\roger\SummaCore\SummaCore.Processor\SummaCore.Processor.csproj]
C:\Users\roger\SummaCore\SummaCore.Processor\Models\ECF_Modelos.cs(264,54): warning CS8618: Non-nullable property 'Retencion' must contain a non-null value when exiting constructor. Consider adding the 'required' modifier or declaring the property as nullable. [C:\Users\roger\SummaCore\SummaCore.Processor\SummaCore.Processor.csproj]
C:\Users\roger\SummaCore\SummaCore.Processor\Models\ECF_Modelos.cs(275,49): warning CS8618: Non-nullable property 'Mineria' must contain a non-null value when exiting constructor. Consider adding the 'required' modifier or declaring the property as nullable. [C:\Users\roger\SummaCore\SummaCore.Processor\SummaCore.Processor.csproj]
C:\Users\roger\SummaCore\SummaCore.Processor\Models\ECF_Modelos.cs(281,35): warning CS8618: Non-nullable property 'TablaSubDescuento' must contain a non-null value when exiting constructor. Consider adding the 'required' modifier or declaring the property as nullable. [C:\Users\roger\SummaCore\SummaCore.Processor\SummaCore.Processor.csproj]
C:\Users\roger\SummaCore\SummaCore.Processor\Models\ECF_Modelos.cs(284,59): warning CS8618: Non-nullable property 'OtraMonedaDetalle' must contain a non-null value when exiting constructor. Consider adding the 'required' modifier or declaring the property as nullable. [C:\Users\roger\SummaCore\SummaCore.Processor\SummaCore.Processor.csproj]
C:\Users\roger\SummaCore\SummaCore.Processor\Services\DgiiService.cs(131,148): warning CS8603: Possible null reference return. [C:\Users\roger\SummaCore\SummaCore.Processor\SummaCore.Processor.csproj]
C:\Users\roger\SummaCore\SummaCore.Processor\Program.cs(202,109): error CS1503: Argument 1: cannot convert from 'string' to 'System.IFormatProvider?' [C:\Users\roger\SummaCore\SummaCore.Processor\SummaCore.Processor.csproj]
C:\Users\roger\SummaCore\SummaCore.Processor\Program.cs(227,36): error CS1061: 'Totales' does not contain a definition for 'MontoImpuestoAdicional' and no accessible extension method 'MontoImpuestoAdicional' accepting a first argument of type 'Totales' could be found (are you missing a using directive or an assembly reference?) [C:\Users\roger\SummaCore\SummaCore.Processor\SummaCore.Processor.csproj]
C:\Users\roger\SummaCore\SummaCore.Processor\Program.cs(228,36): error CS1061: 'Totales' does not contain a definition for 'MontoTotal' and no accessible extension method 'MontoTotal' accepting a first argument of type 'Totales' could be found (are you missing a using directive or an assembly reference?) [C:\Users\roger\SummaCore\SummaCore.Processor\SummaCore.Processor.csproj]
C:\Users\roger\SummaCore\SummaCore.Processor\Program.cs(228,239): error CS1061: 'Totales' does not contain a definition for 'MontoImpuestoAdicional' and no accessible extension method 'MontoImpuestoAdicional' accepting a first argument of type 'Totales' could be found (are you missing a using directive or an assembly reference?) [C:\Users\roger\SummaCore\SummaCore.Processor\SummaCore.Processor.csproj]
C:\Users\roger\SummaCore\SummaCore.Processor\Program.cs(167,42): warning CS8603: Possible null reference return. [C:\Users\roger\SummaCore\SummaCore.Processor\SummaCore.Processor.csproj]
C:\Users\roger\SummaCore\SummaCore.Processor\Program.cs(169,24): warning CS8603: Possible null reference return. [C:\Users\roger\SummaCore\SummaCore.Processor\SummaCore.Processor.csproj]
C:\Users\roger\SummaCore\SummaCore.Processor\Program.cs(187,54): warning CS8603: Possible null reference return. [C:\Users\roger\SummaCore\SummaCore.Processor\SummaCore.Processor.csproj]

Build FAILED.

C:\Users\roger\SummaCore\SummaCore.Processor\SummaCore.Processor.csproj : warning NU1510: PackageReference System.Net.Http.Json will not be pruned. Consider removing this package from your dependencies, as it is likely unnecessary.
C:\Users\roger\SummaCore\SummaCore.Processor\SummaCore.Processor.csproj : warning NU1510: PackageReference System.Net.Http.Json will not be pruned. Consider removing this package from your dependencies, as it is likely unnecessary.
C:\Users\roger\SummaCore\SummaCore.Processor\Models\ECF_Modelos.cs(37,65): warning CS8618: Non-nullable property 'InformacionesAdicionales' must contain a non-null value when exiting constructor. Consider adding the 'required' modifier or declaring the property as nullable. [C:\Users\roger\SummaCore\SummaCore.Processor\SummaCore.Processor.csproj]
C:\Users\roger\SummaCore\SummaCore.Processor\Models\ECF_Modelos.cs(38,51): warning CS8618: Non-nullable property 'Transporte' must contain a non-null value when exiting constructor. Consider adding the 'required' modifier or declaring the property as nullable. [C:\Users\roger\SummaCore\SummaCore.Processor\SummaCore.Processor.csproj]
C:\Users\roger\SummaCore\SummaCore.Processor\Models\ECF_Modelos.cs(40,51): warning CS8618: Non-nullable property 'OtraMoneda' must contain a non-null value when exiting constructor. Consider adding the 'required' modifier or declaring the property as nullable. [C:\Users\roger\SummaCore\SummaCore.Processor\SummaCore.Processor.csproj]
C:\Users\roger\SummaCore\SummaCore.Processor\Program.cs(41,31): warning SYSLIB0057: 'X509Certificate2.X509Certificate2(string, string?)' is obsolete: 'Loading certificate data through the constructor or Import is obsolete. Use X509CertificateLoader instead to load certificates.' (https://aka.ms/dotnet-warnings/SYSLIB0057) [C:\Users\roger\SummaCore\SummaCore.Processor\SummaCore.Processor.csproj]
C:\Users\roger\SummaCore\SummaCore.Processor\Models\ECF_Modelos.cs(15,60): warning CS8618: Non-nullable property 'DescuentosORecargos' must contain a non-null value when exiting constructor. Consider adding the 'required' modifier or declaring the property as nullable. [C:\Users\roger\SummaCore\SummaCore.Processor\SummaCore.Processor.csproj]
C:\Users\roger\SummaCore\SummaCore.Processor\Models\ECF_Modelos.cs(16,51): warning CS8618: Non-nullable property 'Paginacion' must contain a non-null value when exiting constructor. Consider adding the 'required' modifier or declaring the property as nullable. [C:\Users\roger\SummaCore\SummaCore.Processor\SummaCore.Processor.csproj]
C:\Users\roger\SummaCore\SummaCore.Processor\Models\ECF_Modelos.cs(17,62): warning CS8618: Non-nullable property 'InformacionReferencia' must contain a non-null value when exiting constructor. Consider adding the 'required' modifier or declaring the property as nullable. [C:\Users\roger\SummaCore\SummaCore.Processor\SummaCore.Processor.csproj]
C:\Users\roger\SummaCore\SummaCore.Processor\Models\ECF_Modelos.cs(18,61): warning CS8618: Non-nullable property 'TablaAdicional' must contain a non-null value when exiting constructor. Consider adding the 'required' modifier or declaring the property as nullable. [C:\Users\roger\SummaCore\SummaCore.Processor\SummaCore.Processor.csproj]
C:\Users\roger\SummaCore\SummaCore.Processor\Models\ECF_Modelos.cs(19,47): warning CS8618: Non-nullable property 'FechaHoraFirma' must contain a non-null value when exiting constructor. Consider adding the 'required' modifier or declaring the property as nullable. [C:\Users\roger\SummaCore\SummaCore.Processor\SummaCore.Processor.csproj]
C:\Users\roger\SummaCore\SummaCore.Processor\Services\SignerService.cs(29,5): warning CS8602: Dereference of a possibly null reference. [C:\Users\roger\SummaCore\SummaCore.Processor\SummaCore.Processor.csproj]
C:\Users\roger\SummaCore\SummaCore.Processor\Models\ECF_Modelos.cs(83,36): warning CS8618: Non-nullable property 'TablaFormasPago' must contain a non-null value when exiting constructor. Consider adding the 'required' modifier or declaring the property as nullable. [C:\Users\roger\SummaCore\SummaCore.Processor\SummaCore.Processor.csproj]
C:\Users\roger\SummaCore\SummaCore.Processor\Models\ECF_Modelos.cs(411,105): warning CS8618: Non-nullable property 'DescuentoORecargo' must contain a non-null value when exiting constructor. Consider adding the 'required' modifier or declaring the property as nullable. [C:\Users\roger\SummaCore\SummaCore.Processor\SummaCore.Processor.csproj]
C:\Users\roger\SummaCore\SummaCore.Processor\Models\ECF_Modelos.cs(413,74): warning CS8618: Non-nullable property 'Pagina' must contain a non-null value when exiting constructor. Consider adding the 'required' modifier or declaring the property as nullable. [C:\Users\roger\SummaCore\SummaCore.Processor\SummaCore.Processor.csproj]
C:\Users\roger\SummaCore\SummaCore.Processor\Models\ECF_Modelos.cs(356,45): warning CS8618: Non-nullable property 'NumeroEmbarque' must contain a non-null value when exiting constructor. Consider adding the 'required' modifier or declaring the property as nullable. [C:\Users\roger\SummaCore\SummaCore.Processor\SummaCore.Processor.csproj]
C:\Users\roger\SummaCore\SummaCore.Processor\Models\ECF_Modelos.cs(357,45): warning CS8618: Non-nullable property 'NumeroContenedor' must contain a non-null value when exiting constructor. Consider adding the 'required' modifier or declaring the property as nullable. [C:\Users\roger\SummaCore\SummaCore.Processor\SummaCore.Processor.csproj]
C:\Users\roger\SummaCore\SummaCore.Processor\Models\ECF_Modelos.cs(358,45): warning CS8618: Non-nullable property 'NumeroReferencia' must contain a non-null value when exiting constructor. Consider adding the 'required' modifier or declaring the property as nullable. [C:\Users\roger\SummaCore\SummaCore.Processor\SummaCore.Processor.csproj]
C:\Users\roger\SummaCore\SummaCore.Processor\Models\ECF_Modelos.cs(359,45): warning CS8618: Non-nullable property 'NombrePuertoEmbarque' must contain a non-null value when exiting constructor. Consider adding the 'required' modifier or declaring the property as nullable. [C:\Users\roger\SummaCore\SummaCore.Processor\SummaCore.Processor.csproj]
C:\Users\roger\SummaCore\SummaCore.Processor\Models\ECF_Modelos.cs(360,45): warning CS8618: Non-nullable property 'CondicionesEntrega' must contain a non-null value when exiting constructor. Consider adding the 'required' modifier or declaring the property as nullable. [C:\Users\roger\SummaCore\SummaCore.Processor\SummaCore.Processor.csproj]
C:\Users\roger\SummaCore\SummaCore.Processor\Models\ECF_Modelos.cs(366,46): warning CS8618: Non-nullable property 'RegimenAduanero' must contain a non-null value when exiting constructor. Consider adding the 'required' modifier or declaring the property as nullable. [C:\Users\roger\SummaCore\SummaCore.Processor\SummaCore.Processor.csproj]
C:\Users\roger\SummaCore\SummaCore.Processor\Models\ECF_Modelos.cs(367,46): warning CS8618: Non-nullable property 'NombrePuertoSalida' must contain a non-null value when exiting constructor. Consider adding the 'required' modifier or declaring the property as nullable. [C:\Users\roger\SummaCore\SummaCore.Processor\SummaCore.Processor.csproj]
C:\Users\roger\SummaCore\SummaCore.Processor\Models\ECF_Modelos.cs(368,46): warning CS8618: Non-nullable property 'NombrePuertoDesembarque' must contain a non-null value when exiting constructor. Consider adding the 'required' modifier or declaring the property as nullable. [C:\Users\roger\SummaCore\SummaCore.Processor\SummaCore.Processor.csproj]
C:\Users\roger\SummaCore\SummaCore.Processor\Models\ECF_Modelos.cs(371,46): warning CS8618: Non-nullable property 'UnidadPesoBruto' must contain a non-null value when exiting constructor. Consider adding the 'required' modifier or declaring the property as nullable. [C:\Users\roger\SummaCore\SummaCore.Processor\SummaCore.Processor.csproj]
C:\Users\roger\SummaCore\SummaCore.Processor\Models\ECF_Modelos.cs(372,46): warning CS8618: Non-nullable property 'UnidadPesoNeto' must contain a non-null value when exiting constructor. Consider adding the 'required' modifier or declaring the property as nullable. [C:\Users\roger\SummaCore\SummaCore.Processor\SummaCore.Processor.csproj]
C:\Users\roger\SummaCore\SummaCore.Processor\Models\ECF_Modelos.cs(374,46): warning CS8618: Non-nullable property 'UnidadBulto' must contain a non-null value when exiting constructor. Consider adding the 'required' modifier or declaring the property as nullable. [C:\Users\roger\SummaCore\SummaCore.Processor\SummaCore.Processor.csproj]
C:\Users\roger\SummaCore\SummaCore.Processor\Models\ECF_Modelos.cs(376,46): warning CS8618: Non-nullable property 'UnidadVolumen' must contain a non-null value when exiting constructor. Consider adding the 'required' modifier or declaring the property as nullable. [C:\Users\roger\SummaCore\SummaCore.Processor\SummaCore.Processor.csproj]
C:\Users\roger\SummaCore\SummaCore.Processor\Models\ECF_Modelos.cs(259,33): warning CS8618: Non-nullable property 'TablaCodigosItem' must contain a non-null value when exiting constructor. Consider adding the 'required' modifier or declaring the property as nullable. [C:\Users\roger\SummaCore\SummaCore.Processor\SummaCore.Processor.csproj]
C:\Users\roger\SummaCore\SummaCore.Processor\Models\ECF_Modelos.cs(264,54): warning CS8618: Non-nullable property 'Retencion' must contain a non-null value when exiting constructor. Consider adding the 'required' modifier or declaring the property as nullable. [C:\Users\roger\SummaCore\SummaCore.Processor\SummaCore.Processor.csproj]
C:\Users\roger\SummaCore\SummaCore.Processor\Models\ECF_Modelos.cs(275,49): warning CS8618: Non-nullable property 'Mineria' must contain a non-null value when exiting constructor. Consider adding the 'required' modifier or declaring the property as nullable. [C:\Users\roger\SummaCore\SummaCore.Processor\SummaCore.Processor.csproj]
C:\Users\roger\SummaCore\SummaCore.Processor\Models\ECF_Modelos.cs(281,35): warning CS8618: Non-nullable property 'TablaSubDescuento' must contain a non-null value when exiting constructor. Consider adding the 'required' modifier or declaring the property as nullable. [C:\Users\roger\SummaCore\SummaCore.Processor\SummaCore.Processor.csproj]
C:\Users\roger\SummaCore\SummaCore.Processor\Models\ECF_Modelos.cs(284,59): warning CS8618: Non-nullable property 'OtraMonedaDetalle' must contain a non-null value when exiting constructor. Consider adding the 'required' modifier or declaring the property as nullable. [C:\Users\roger\SummaCore\SummaCore.Processor\SummaCore.Processor.csproj]
C:\Users\roger\SummaCore\SummaCore.Processor\Services\DgiiService.cs(131,148): warning CS8603: Possible null reference return. [C:\Users\roger\SummaCore\SummaCore.Processor\SummaCore.Processor.csproj]
C:\Users\roger\SummaCore\SummaCore.Processor\Program.cs(167,42): warning CS8603: Possible null reference return. [C:\Users\roger\SummaCore\SummaCore.Processor\SummaCore.Processor.csproj]
C:\Users\roger\SummaCore\SummaCore.Processor\Program.cs(169,24): warning CS8603: Possible null reference return. [C:\Users\roger\SummaCore\SummaCore.Processor\SummaCore.Processor.csproj]
C:\Users\roger\SummaCore\SummaCore.Processor\Program.cs(187,54): warning CS8603: Possible null reference return. [C:\Users\roger\SummaCore\SummaCore.Processor\SummaCore.Processor.csproj]
C:\Users\roger\SummaCore\SummaCore.Processor\Validation\ECF_Validador.cs(83,111): error CS1061: 'Totales' does not contain a definition for 'MontoImpuestoAdicional' and no accessible extension method 'MontoImpuestoAdicional' accepting a first argument of type 'Totales' could be found (are you missing a using directive or an assembly reference?) [C:\Users\roger\SummaCore\SummaCore.Processor\SummaCore.Processor.csproj]
C:\Users\roger\SummaCore\SummaCore.Processor\Validation\ECF_Validador.cs(86,28): error CS1061: 'Totales' does not contain a definition for 'MontoTotal' and no accessible extension method 'MontoTotal' accepting a first argument of type 'Totales' could be found (are you missing a using directive or an assembly reference?) [C:\Users\roger\SummaCore\SummaCore.Processor\SummaCore.Processor.csproj]
C:\Users\roger\SummaCore\SummaCore.Processor\Validation\ECF_Validador.cs(87,57): error CS1061: 'Totales' does not contain a definition for 'MontoTotal' and no accessible extension method 'MontoTotal' accepting a first argument of type 'Totales' could be found (are you missing a using directive or an assembly reference?) [C:\Users\roger\SummaCore\SummaCore.Processor\SummaCore.Processor.csproj]
C:\Users\roger\SummaCore\SummaCore.Processor\Models\ECF_Modelos.cs(233,53): error CS0103: The name 'TotalITBIS2' does not exist in the current context [C:\Users\roger\SummaCore\SummaCore.Processor\SummaCore.Processor.csproj]
C:\Users\roger\SummaCore\SummaCore.Processor\Models\ECF_Modelos.cs(233,77): error CS0103: The name 'TotalITBIS2' does not exist in the current context [C:\Users\roger\SummaCore\SummaCore.Processor\SummaCore.Processor.csproj]
C:\Users\roger\SummaCore\SummaCore.Processor\Models\ECF_Modelos.cs(234,53): error CS0103: The name 'TotalITBIS3' does not exist in the current context [C:\Users\roger\SummaCore\SummaCore.Processor\SummaCore.Processor.csproj]
C:\Users\roger\SummaCore\SummaCore.Processor\Models\ECF_Modelos.cs(234,77): error CS0103: The name 'TotalITBIS3' does not exist in the current context [C:\Users\roger\SummaCore\SummaCore.Processor\SummaCore.Processor.csproj]
C:\Users\roger\SummaCore\SummaCore.Processor\Models\ECF_Modelos.cs(235,64): error CS0103: The name 'MontoImpuestoAdicional' does not exist in the current context [C:\Users\roger\SummaCore\SummaCore.Processor\SummaCore.Processor.csproj]
C:\Users\roger\SummaCore\SummaCore.Processor\Models\ECF_Modelos.cs(235,99): error CS0103: The name 'MontoImpuestoAdicional' does not exist in the current context [C:\Users\roger\SummaCore\SummaCore.Processor\SummaCore.Processor.csproj]
C:\Users\roger\SummaCore\SummaCore.Processor\Models\ECF_Modelos.cs(236,62): error CS0103: The name 'ImpuestosAdicionales' does not exist in the current context [C:\Users\roger\SummaCore\SummaCore.Processor\SummaCore.Processor.csproj]
C:\Users\roger\SummaCore\SummaCore.Processor\Models\ECF_Modelos.cs(236,94): error CS0103: The name 'ImpuestosAdicionales' does not exist in the current context [C:\Users\roger\SummaCore\SummaCore.Processor\SummaCore.Processor.csproj]
C:\Users\roger\SummaCore\SummaCore.Processor\Models\ECF_Modelos.cs(237,59): error CS0103: The name 'MontoNoFacturable' does not exist in the current context [C:\Users\roger\SummaCore\SummaCore.Processor\SummaCore.Processor.csproj]
C:\Users\roger\SummaCore\SummaCore.Processor\Models\ECF_Modelos.cs(237,89): error CS0103: The name 'MontoNoFacturable' does not exist in the current context [C:\Users\roger\SummaCore\SummaCore.Processor\SummaCore.Processor.csproj]
C:\Users\roger\SummaCore\SummaCore.Processor\Models\ECF_Modelos.cs(238,54): error CS0103: The name 'MontoPeriodo' does not exist in the current context [C:\Users\roger\SummaCore\SummaCore.Processor\SummaCore.Processor.csproj]
C:\Users\roger\SummaCore\SummaCore.Processor\Models\ECF_Modelos.cs(238,79): error CS0103: The name 'MontoPeriodo' does not exist in the current context [C:\Users\roger\SummaCore\SummaCore.Processor\SummaCore.Processor.csproj]
C:\Users\roger\SummaCore\SummaCore.Processor\Models\ECF_Modelos.cs(239,55): error CS0103: The name 'SaldoAnterior' does not exist in the current context [C:\Users\roger\SummaCore\SummaCore.Processor\SummaCore.Processor.csproj]
C:\Users\roger\SummaCore\SummaCore.Processor\Models\ECF_Modelos.cs(239,81): error CS0103: The name 'SaldoAnterior' does not exist in the current context [C:\Users\roger\SummaCore\SummaCore.Processor\SummaCore.Processor.csproj]
C:\Users\roger\SummaCore\SummaCore.Processor\Program.cs(202,109): error CS1503: Argument 1: cannot convert from 'string' to 'System.IFormatProvider?' [C:\Users\roger\SummaCore\SummaCore.Processor\SummaCore.Processor.csproj]
C:\Users\roger\SummaCore\SummaCore.Processor\Program.cs(227,36): error CS1061: 'Totales' does not contain a definition for 'MontoImpuestoAdicional' and no accessible extension method 'MontoImpuestoAdicional' accepting a first argument of type 'Totales' could be found (are you missing a using directive or an assembly reference?) [C:\Users\roger\SummaCore\SummaCore.Processor\SummaCore.Processor.csproj]
C:\Users\roger\SummaCore\SummaCore.Processor\Program.cs(228,36): error CS1061: 'Totales' does not contain a definition for 'MontoTotal' and no accessible extension method 'MontoTotal' accepting a first argument of type 'Totales' could be found (are you missing a using directive or an assembly reference?) [C:\Users\roger\SummaCore\SummaCore.Processor\SummaCore.Processor.csproj]
C:\Users\roger\SummaCore\SummaCore.Processor\Program.cs(228,239): error CS1061: 'Totales' does not contain a definition for 'MontoImpuestoAdicional' and no accessible extension method 'MontoImpuestoAdicional' accepting a first argument of type 'Totales' could be found (are you missing a using directive or an assembly reference?) [C:\Users\roger\SummaCore\SummaCore.Processor\SummaCore.Processor.csproj]
    36 Warning(s)
    21 Error(s)

Time Elapsed 00:00:01.11
